// Jest Snapshot v1, https://goo.gl/fbAQLP

exports[`Snapshot test renders correctly 1`] = `
<input
  className="form-control"
  onChange={[MockFunction]}
  placeholder="Search for user name or nationality..."
  style={
    Object {
      "marginBottom": "20px",
    }
  }
  type="text"
  value="Teste"
/>
`;
